/Users/runner/work/crossbow/crossbow/arrow/cpp/src/arrow/util/cpu_info.cc:239: IOError: sysctlbyname failed for 'hw.l1dcachesize'. Detail: [errno 1] Operation not permitted
/Users/runner/work/crossbow/crossbow/arrow/cpp/src/arrow/util/cpu_info.cc:239: IOError: sysctlbyname failed for 'hw.l2cachesize'. Detail: [errno 1] Operation not permitted
/Users/runner/work/crossbow/crossbow/arrow/cpp/src/arrow/util/cpu_info.cc:239: IOError: sysctlbyname failed for 'hw.l3cachesize'. Detail: [errno 1] Operation not permitted
/Users/runner/work/crossbow/crossbow/arrow/cpp/src/arrow/util/cpu_info.cc:239: IOError: sysctlbyname failed for 'hw.optional.neon'. Detail: [errno 1] Operation not permitted
instant 1/100 best CV mae=6.5819; elapsed=4.8s
instant 5/100 best CV mae=4.6162; elapsed=92.5s
instant 10/100 best CV mae=4.6162; elapsed=203.5s
instant 15/100 best CV mae=4.6162; elapsed=229.7s
instant 20/100 best CV mae=4.6162; elapsed=258.2s
instant 25/100 best CV mae=4.2824; elapsed=281.6s
instant 30/100 best CV mae=4.2824; elapsed=304.4s
instant 35/100 best CV mae=4.2824; elapsed=325.6s
instant 40/100 best CV mae=4.2824; elapsed=382.7s
instant 45/100 best CV mae=4.1825; elapsed=410.2s
instant 50/100 best CV mae=4.1825; elapsed=433.3s
instant 55/100 best CV mae=4.1825; elapsed=494.1s
instant 60/100 best CV mae=4.1825; elapsed=687.5s
instant 65/100 best CV mae=4.1825; elapsed=749.7s
instant 70/100 best CV mae=4.1825; elapsed=775.1s
instant 75/100 best CV mae=4.0364; elapsed=801.9s
instant 80/100 best CV mae=4.0364; elapsed=989.2s
instant 85/100 best CV mae=4.0364; elapsed=1195.3s
instant 90/100 best CV mae=4.0364; elapsed=1376.5s
instant 95/100 best CV mae=4.0364; elapsed=1497.1s
instant 100/100 best CV mae=4.0364; elapsed=1647.3s
{
  "scenario": "instant",
  "metrics": {
    "r2": 0.7301803272698728,
    "rmse": 9.402597029285173,
    "mae": 3.8619385601447074,
    "wmape": 52.99944852943636,
    "wmape_signed_denominator": 75.6876055450117
  },
  "best": {
    "colsample_bytree": 0.7,
    "learning_rate": 0.1,
    "max_depth": 7,
    "n_estimators": 361,
    "scale_pos_weight": 3.9,
    "subsample": 0.8
  }
}
