/Users/runner/work/crossbow/crossbow/arrow/cpp/src/arrow/util/cpu_info.cc:239: IOError: sysctlbyname failed for 'hw.l1dcachesize'. Detail: [errno 1] Operation not permitted
/Users/runner/work/crossbow/crossbow/arrow/cpp/src/arrow/util/cpu_info.cc:239: IOError: sysctlbyname failed for 'hw.l2cachesize'. Detail: [errno 1] Operation not permitted
/Users/runner/work/crossbow/crossbow/arrow/cpp/src/arrow/util/cpu_info.cc:239: IOError: sysctlbyname failed for 'hw.l3cachesize'. Detail: [errno 1] Operation not permitted
/Users/runner/work/crossbow/crossbow/arrow/cpp/src/arrow/util/cpu_info.cc:239: IOError: sysctlbyname failed for 'hw.optional.neon'. Detail: [errno 1] Operation not permitted
categories 1/100 best CV mae=6.4715; elapsed=3.0s
categories 5/100 best CV mae=4.4062; elapsed=68.0s
categories 10/100 best CV mae=4.4062; elapsed=151.5s
categories 15/100 best CV mae=4.4062; elapsed=218.6s
categories 20/100 best CV mae=4.4062; elapsed=235.9s
categories 25/100 best CV mae=4.0757; elapsed=256.1s
categories 30/100 best CV mae=4.0757; elapsed=276.2s
categories 35/100 best CV mae=4.0757; elapsed=290.3s
categories 40/100 best CV mae=4.0757; elapsed=305.5s
categories 45/100 best CV mae=3.9168; elapsed=345.6s
categories 50/100 best CV mae=3.9168; elapsed=377.7s
categories 55/100 best CV mae=3.9168; elapsed=392.3s
categories 60/100 best CV mae=3.9168; elapsed=407.8s
categories 65/100 best CV mae=3.9168; elapsed=426.8s
categories 70/100 best CV mae=3.9168; elapsed=447.4s
categories 75/100 best CV mae=3.7927; elapsed=676.7s
categories 80/100 best CV mae=3.7927; elapsed=722.0s
categories 85/100 best CV mae=3.7927; elapsed=765.2s
categories 90/100 best CV mae=3.7927; elapsed=778.9s
categories 95/100 best CV mae=3.7927; elapsed=793.8s
categories 100/100 best CV mae=3.7927; elapsed=832.4s
{
  "scenario": "categories",
  "metrics": {
    "r2": 0.7846959204443539,
    "rmse": 8.39918500978821,
    "mae": 3.6809187290237646,
    "wmape": 50.515216563316685,
    "wmape_signed_denominator": 72.13991638312271
  },
  "best": {
    "colsample_bytree": 0.7,
    "learning_rate": 0.1,
    "max_depth": 7,
    "n_estimators": 361,
    "scale_pos_weight": 3.9,
    "subsample": 0.8
  }
}
